// Jest Snapshot v1, https://goo.gl/fbAQLP

exports[`pruebas en el componente <CharacterItem/> debe de comparase contra el snapshot 1`] = `
<div
  className="card"
>
  <div
    className="card-inner"
  >
    <div
      className="card-front"
    >
      <img
        alt=""
        src="data:image/jpeg;base64,/9j/4AAQSkZJRgABAQAAAQABAAD/2wCEAAkGBxMTEhUTExMVFRUXGBYXGRgXFxYWFxoYGBgXFhoYFxcZHighGBslHRUVITEiJSkrLi4uFx8zODMtNygtLisBCgoKDg0OGhAQGi0lHyUrLS0tLS0"
      />
    </div>
    <div
      className="card-back"
    >
      <h1>
        Batman
      </h1>
      <ul>
        <li>
          <strong>
            Actor Name:
          </strong>
           
          Alejandro Soto
        </li>
        <li>
          <strong>
            Nickname:
          </strong>
           
          Bruce wayne
        </li>
        <li>
          <strong>
            Birthday:
          </strong>
           
          september 6
        </li>
        <li>
          <strong>
            Status:
          </strong>
           
          active
        </li>
      </ul>
    </div>
  </div>
</div>
`;
